// Jest Snapshot v1, https://goo.gl/fbAQLP

exports[`renders 1`] = `
<DocumentFragment>
  <div
    class="sc-AykKC gFqVvT"
    data-testid="bus-row"
  />
</DocumentFragment>
`;
